{
    "versions-skip_lai": {
        "content": [
            [
                "versions.yml:md5,79974c982fed714eb75d47f9d8e8a046",
                "versions.yml:md5,8468404805dddec679524e75b4fa51e8",
                "versions.yml:md5,b3aa56e32143afa15980b82bfbf8139b",
                "versions.yml:md5,c30005b0e045793bbb35f7a2c8dc9590",
                "versions.yml:md5,f25b926e2fc1ab71177cb50df8b6b85f",
                "versions.yml:md5,fb42c6cc5c28b6f9d3384171c7b6b143"
            ]
        ],
        "timestamp": "2023-12-11T13:20:04.733197"
    },
    "versions": {
        "content": [
            [
                "versions.yml:md5,79974c982fed714eb75d47f9d8e8a046",
                "versions.yml:md5,8468404805dddec679524e75b4fa51e8",
                "versions.yml:md5,b3aa56e32143afa15980b82bfbf8139b",
                "versions.yml:md5,c30005b0e045793bbb35f7a2c8dc9590",
                "versions.yml:md5,dcf83dcd8ce3e8f8756d85c1cf9c6d76",
                "versions.yml:md5,f25b926e2fc1ab71177cb50df8b6b85f",
                "versions.yml:md5,fb42c6cc5c28b6f9d3384171c7b6b143"
            ]
        ],
        "timestamp": "2023-12-11T13:19:25.047961"
    }
}