{
    "versions": {
        "content": [
            [
                "versions.yml:md5,2cff73621bfc5c4abc40613c33bd92b8"
            ]
        ],
        "timestamp": "2023-12-05T09:09:31.335554"
    },
    "homo_sapiens-genome_fasta-success": {
        "content": [
            {
                "0": [
                    [
                        {
                            "id": "test"
                        },
                        "test.scn:md5,2ce449dff751e59dbc292b6888491954"
                    ]
                ],
                "1": [
                    [
                        {
                            "id": "test"
                        },
                        "test.gff3:md5,a91c388a54d7694bd14a4b085935759c"
                    ]
                ],
                "2": [
                    "versions.yml:md5,2cff73621bfc5c4abc40613c33bd92b8"
                ],
                "gff": [
                    [
                        {
                            "id": "test"
                        },
                        "test.gff3:md5,a91c388a54d7694bd14a4b085935759c"
                    ]
                ],
                "scn": [
                    [
                        {
                            "id": "test"
                        },
                        "test.scn:md5,2ce449dff751e59dbc292b6888491954"
                    ]
                ],
                "versions": [
                    "versions.yml:md5,2cff73621bfc5c4abc40613c33bd92b8"
                ]
            }
        ],
        "timestamp": "2023-12-05T09:09:31.32397"
    }
}