{
    "sarscov2-fq-gz": {
        "content": [
            {
                "0": [
                    [
                        {
                            "id": "test",
                            "ref_id": "genome"
                        },
                        "test.on.genome.samblaster.bam:md5,f1552dd0431bc22320567699a3a70893"
                    ]
                ],
                "1": [
                    "versions.yml:md5,3b59736950270bca59c29afeb5289b4f",
                    "versions.yml:md5,80949a94ee1be8238b1c79d89ed9fa83",
                    "versions.yml:md5,ddd810edeee1008ec55b628e3a9d6204"
                ],
                "bam": [
                    [
                        {
                            "id": "test",
                            "ref_id": "genome"
                        },
                        "test.on.genome.samblaster.bam:md5,f1552dd0431bc22320567699a3a70893"
                    ]
                ],
                "versions": [
                    "versions.yml:md5,3b59736950270bca59c29afeb5289b4f",
                    "versions.yml:md5,80949a94ee1be8238b1c79d89ed9fa83",
                    "versions.yml:md5,ddd810edeee1008ec55b628e3a9d6204"
                ]
            }
        ],
        "meta": {
            "nf-test": "0.9.0",
            "nextflow": "24.04.4"
        },
        "timestamp": "2024-10-10T20:56:44.071963"
    },
    "sarscov2-fq-gz-stub": {
        "content": [
            {
                "0": [
                    [
                        {
                            "id": "test",
                            "ref_id": "genome"
                        },
                        "test.on.genome.samblaster.bam:md5,d41d8cd98f00b204e9800998ecf8427e"
                    ]
                ],
                "1": [
                    "versions.yml:md5,3b59736950270bca59c29afeb5289b4f",
                    "versions.yml:md5,80949a94ee1be8238b1c79d89ed9fa83",
                    "versions.yml:md5,ddd810edeee1008ec55b628e3a9d6204"
                ],
                "bam": [
                    [
                        {
                            "id": "test",
                            "ref_id": "genome"
                        },
                        "test.on.genome.samblaster.bam:md5,d41d8cd98f00b204e9800998ecf8427e"
                    ]
                ],
                "versions": [
                    "versions.yml:md5,3b59736950270bca59c29afeb5289b4f",
                    "versions.yml:md5,80949a94ee1be8238b1c79d89ed9fa83",
                    "versions.yml:md5,ddd810edeee1008ec55b628e3a9d6204"
                ]
            }
        ],
        "meta": {
            "nf-test": "0.8.4",
            "nextflow": "23.10.1"
        },
        "timestamp": "2024-05-22T15:55:50.527259"
    }
}