{
    "inner_fasta": {
        "content": [
            [
                [
                    {
                        "id": "test"
                    },
                    "inner.fasta:md5,9042f79dda17cca97ee04f30ed86c935"
                ]
            ]
        ],
        "timestamp": "2023-12-03T21:06:51.510422"
    },
    "versions": {
        "content": [
            [
                "versions.yml:md5,8df72f2f0252e314180bde73e0bbae37"
            ]
        ],
        "timestamp": "2023-12-03T20:59:09.586626"
    },
    "tabout": {
        "content": [
            [
                [
                    {
                        "id": "test"
                    },
                    "test.tabout:md5,1dfc230e79b304c3766b63791cfa1122"
                ]
            ]
        ],
        "timestamp": "2023-12-03T21:06:51.39337"
    },
    "fasta": {
        "content": [
            [
                [
                    {
                        "id": "test"
                    },
                    "out.fasta:md5,c78256fe6d62aafec5d5ddedded1e60e"
                ]
            ]
        ],
        "timestamp": "2023-12-03T21:06:51.447436"
    }
}